#
# There is insufficient memory for the Java Runtime Environment to continue.
# Native memory allocation (malloc) failed to allocate 1134896 bytes. Error detail: Chunk::new
# Possible reasons:
#   The system is out of physical RAM or swap space
#   This process is running with CompressedOops enabled, and the Java Heap may be blocking the growth of the native heap
# Possible solutions:
#   Reduce memory load on the system
#   Increase physical memory or swap space
#   Check if swap backing store is full
#   Decrease Java heap size (-Xmx/-Xms)
#   Decrease number of Java threads
#   Decrease Java thread stack sizes (-Xss)
#   Set larger code cache with -XX:ReservedCodeCacheSize=
#   JVM is running with Unscaled Compressed Oops mode in which the Java heap is
#     placed in the first 4GB address space. The Java Heap base address is the
#     maximum limit for the native heap growth. Please use -XX:HeapBaseMinAddress
#     to set the Java Heap base and to place the Java Heap above 4GB virtual address.
# This output file may be truncated or incomplete.
#
#  Out of Memory Error (arena.cpp:168), pid=22004, tid=12816
#
# JRE version: OpenJDK Runtime Environment Temurin-21.0.11+10 (21.0.11+10) (build 21.0.11+10-LTS)
# Java VM: OpenJDK 64-Bit Server VM Temurin-21.0.11+10 (21.0.11+10-LTS, mixed mode, sharing, tiered, compressed oops, compressed class ptrs, parallel gc, windows-amd64)
# No core dump will be written. Minidumps are not enabled by default on client versions of Windows
#

---------------  S U M M A R Y ------------

Command Line: --add-modules=ALL-SYSTEM --add-opens=java.base/java.util=ALL-UNNAMED --add-opens=java.base/java.lang=ALL-UNNAMED --add-opens=java.base/sun.nio.fs=ALL-UNNAMED -Declipse.application=org.eclipse.jdt.ls.core.id1 -Dosgi.bundles.defaultStartLevel=4 -Declipse.product=org.eclipse.jdt.ls.core.product -Djava.import.generatesMetadataFilesAtProjectRoot=false -DDetectVMInstallationsJob.disabled=true -Dfile.encoding=utf8 -XX:+UseParallelGC -XX:GCTimeRatio=4 -XX:AdaptiveSizePolicyWeight=90 -Dsun.zip.disableMemoryMapping=true -Xmx2G -Xms100m -Xlog:disable -javaagent:c:\Users\ASUS\.vscode\extensions\redhat.java-1.55.0-win32-x64\lombok\lombok-1.18.39-4050.jar c:\Users\ASUS\.vscode\extensions\redhat.java-1.55.0-win32-x64\server\plugins\org.eclipse.equinox.launcher_1.7.200.v20260619-2039.jar -configuration c:\Users\ASUS\AppData\Roaming\Code\User\globalStorage\redhat.java\1.55.0\config_ss_win -data c:\Users\ASUS\AppData\Roaming\Code\User\workspaceStorage\5aca77328e1a72c7c1f3672988cca621\redhat.java\ss_ws --pipe=\\.\pipe\lsp-fed21048d989c69e3503000a7d54a331-sock

Host: 12th Gen Intel(R) Core(TM) i5-1235U, 12 cores, 15G,  Windows 11 , 64 bit Build 26100 (10.0.26100.8875)
Time: Wed Jul 29 17:19:10 2026 India Standard Time elapsed time: 4.408796 seconds (0d 0h 0m 4s)

---------------  T H R E A D  ---------------

Current thread (0x00000201711e6030):  JavaThread "C2 CompilerThread1" daemon [_thread_in_native, id=12816, stack(0x0000006c66c00000,0x0000006c66d00000) (1024K)]


Current CompileTask:
C2:4408 2701       4       org.lombokweb.asm.ClassReader::readMethod (1070 bytes)

Stack: [0x0000006c66c00000,0x0000006c66d00000]
Native frames: (J=compiled Java code, j=interpreted, Vv=VM code, C=native code)
V  [jvm.dll+0x6d7e19]
V  [jvm.dll+0x8b5096]
V  [jvm.dll+0x8b764e]
V  [jvm.dll+0x8b7d33]
V  [jvm.dll+0x284596]
V  [jvm.dll+0xc685d]
V  [jvm.dll+0xc6da1]
V  [jvm.dll+0x3bed31]
V  [jvm.dll+0x38b2b2]
V  [jvm.dll+0x38a6fa]
V  [jvm.dll+0x24c700]
V  [jvm.dll+0x24bce0]
V  [jvm.dll+0x1cb4ae]
V  [jvm.dll+0x25baad]
V  [jvm.dll+0x25a03a]
V  [jvm.dll+0x3f868e]
V  [jvm.dll+0x85fb0d]
V  [jvm.dll+0x6d664d]
C  [ucrtbase.dll+0x2cd30]
C  [KERNEL32.DLL+0x2e957]
C  [ntdll.dll+0xaad6c]


---------------  P R O C E S S  ---------------

Threads class SMR info:
_java_thread_list=0x0000020176aeae70, length=20, elements={
0x00000201592702d0, 0x0000020159316520, 0x000002016fd1bc90, 0x0000020159318eb0,
0x000002015931a260, 0x000002015931a8f0, 0x000002015931bca0, 0x000002015932e2e0,
0x00000201710653b0, 0x00000201711e6030, 0x000002015931af80, 0x000002015931b610,
0x0000020159318820, 0x0000020159319540, 0x0000020159319bd0, 0x000002017696e7c0,
0x000002017696c6f0, 0x000002017696e130, 0x000002017696d410, 0x000002017696ee50
}

Java Threads: ( => current thread )
  0x00000201592702d0 JavaThread "main"                              [_thread_blocked, id=15268, stack(0x0000006c66000000,0x0000006c66100000) (1024K)]
  0x0000020159316520 JavaThread "Reference Handler"          daemon [_thread_blocked, id=1520, stack(0x0000006c66400000,0x0000006c66500000) (1024K)]
  0x000002016fd1bc90 JavaThread "Finalizer"                  daemon [_thread_blocked, id=6924, stack(0x0000006c66500000,0x0000006c66600000) (1024K)]
  0x0000020159318eb0 JavaThread "Signal Dispatcher"          daemon [_thread_blocked, id=4056, stack(0x0000006c66600000,0x0000006c66700000) (1024K)]
  0x000002015931a260 JavaThread "Attach Listener"            daemon [_thread_blocked, id=8208, stack(0x0000006c66700000,0x0000006c66800000) (1024K)]
  0x000002015931a8f0 JavaThread "Service Thread"             daemon [_thread_blocked, id=24088, stack(0x0000006c66800000,0x0000006c66900000) (1024K)]
  0x000002015931bca0 JavaThread "Monitor Deflation Thread"   daemon [_thread_blocked, id=23848, stack(0x0000006c66900000,0x0000006c66a00000) (1024K)]
  0x000002015932e2e0 JavaThread "C2 CompilerThread0"         daemon [_thread_blocked, id=17024, stack(0x0000006c66a00000,0x0000006c66b00000) (1024K)]
  0x00000201710653b0 JavaThread "C1 CompilerThread0"         daemon [_thread_in_vm, id=22012, stack(0x0000006c66b00000,0x0000006c66c00000) (1024K)]
=>0x00000201711e6030 JavaThread "C2 CompilerThread1"         daemon [_thread_in_native, id=12816, stack(0x0000006c66c00000,0x0000006c66d00000) (1024K)]
  0x000002015931af80 JavaThread "Common-Cleaner"             daemon [_thread_blocked, id=24068, stack(0x0000006c66d00000,0x0000006c66e00000) (1024K)]
  0x000002015931b610 JavaThread "Notification Thread"        daemon [_thread_blocked, id=22896, stack(0x0000006c66e00000,0x0000006c66f00000) (1024K)]
  0x0000020159318820 JavaThread "Active Thread: Equinox Container: 9f4aed3e-4bbd-47f8-beeb-ae72d17ce0df"        [_thread_blocked, id=21008, stack(0x0000006c67600000,0x0000006c67700000) (1024K)]
  0x0000020159319540 JavaThread "Framework Event Dispatcher: Equinox Container: 9f4aed3e-4bbd-47f8-beeb-ae72d17ce0df" daemon [_thread_blocked, id=13012, stack(0x0000006c67700000,0x0000006c67800000) (1024K)]
  0x0000020159319bd0 JavaThread "Start Level: Equinox Container: 9f4aed3e-4bbd-47f8-beeb-ae72d17ce0df" daemon [_thread_in_Java, id=11920, stack(0x0000006c67800000,0x0000006c67900000) (1024K)]
  0x000002017696e7c0 JavaThread "SCR Component Actor"        daemon [_thread_blocked, id=16088, stack(0x0000006c67a00000,0x0000006c67b00000) (1024K)]
  0x000002017696c6f0 JavaThread "Worker-JM"                         [_thread_blocked, id=3460, stack(0x0000006c66f00000,0x0000006c67000000) (1024K)]
  0x000002017696e130 JavaThread "JNA Cleaner"                daemon [_thread_blocked, id=23780, stack(0x0000006c67d00000,0x0000006c67e00000) (1024K)]
  0x000002017696d410 JavaThread "Worker-0"                          [_thread_blocked, id=12264, stack(0x0000006c67e00000,0x0000006c67f00000) (1024K)]
  0x000002017696ee50 JavaThread "Worker-1"                          [_thread_blocked, id=14580, stack(0x0000006c67f00000,0x0000006c68000000) (1024K)]
Total: 20

Other Threads:
  0x0000020159311a80 VMThread "VM Thread"                           [id=21524, stack(0x0000006c66300000,0x0000006c66400000) (1024K)]
  0x000002016fbfca00 WatcherThread "VM Periodic Task Thread"        [id=9776, stack(0x0000006c66200000,0x0000006c66300000) (1024K)]
  0x000002015928e7b0 WorkerThread "GC Thread#0"                     [id=23092, stack(0x0000006c66100000,0x0000006c66200000) (1024K)]
  0x000002017660fa60 WorkerThread "GC Thread#1"                     [id=15344, stack(0x0000006c67000000,0x0000006c67100000) (1024K)]
  0x00000201769ca450 WorkerThread "GC Thread#2"                     [id=7520, stack(0x0000006c67100000,0x0000006c67200000) (1024K)]
  0x000002017660fe10 WorkerThread "GC Thread#3"                     [id=17844, stack(0x0000006c67200000,0x0000006c67300000) (1024K)]
  0x0000020176a617c0 WorkerThread "GC Thread#4"                     [id=408, stack(0x0000006c67300000,0x0000006c67400000) (1024K)]
  0x000002017662e880 WorkerThread "GC Thread#5"                     [id=23720, stack(0x0000006c67400000,0x0000006c67500000) (1024K)]
  0x000002017662f040 WorkerThread "GC Thread#6"                     [id=12780, stack(0x0000006c67500000,0x0000006c67600000) (1024K)]
  0x00000201768d4710 WorkerThread "GC Thread#7"                     [id=18156, stack(0x0000006c67900000,0x0000006c67a00000) (1024K)]
  0x0000020176a8bff0 WorkerThread "GC Thread#8"                     [id=21500, stack(0x0000006c67b00000,0x0000006c67c00000) (1024K)]
  0x00000201768a9f00 WorkerThread "GC Thread#9"                     [id=20488, stack(0x0000006c67c00000,0x0000006c67d00000) (1024K)]
Total: 12

Threads with active compile tasks:
C1 CompilerThread0  4421 2738       3       org.eclipse.core.internal.preferences.EclipsePreferences::firePreferenceEvent (60 bytes)
C2 CompilerThread1  4421 2701       4       org.lombokweb.asm.ClassReader::readMethod (1070 bytes)
Total: 2

VM state: not at safepoint (normal execution)

VM Mutex/Monitor currently owned by a thread: None

Heap address: 0x0000000080000000, size: 2048 MB, Compressed Oops mode: 32-bit

CDS archive(s) mapped at: [0x0000020100000000-0x0000020100ba0000-0x0000020100ba0000), size 12189696, SharedBaseAddress: 0x0000020100000000, ArchiveRelocationMode: 1.
Compressed class space mapped at: 0x0000020101000000-0x0000020141000000, reserved size: 1073741824
Narrow klass base: 0x0000020100000000, Narrow klass shift: 0, Narrow klass range: 0x100000000

GC Precious Log:
 CardTable entry size: 512
 CPUs: 12 total, 12 available
 Memory: 16077M
 Large Page Support: Disabled
 NUMA Support: Disabled
 Compressed Oops: Enabled (32-bit)
 Alignments: Space 512K, Generation 512K, Heap 2M
 Heap Min Capacity: 100M
 Heap Initial Capacity: 100M
 Heap Max Capacity: 2G
 Pre-touch: Disabled
 Parallel Workers: 10

Heap:
 PSYoungGen      total 30208K, used 12798K [0x00000000d5580000, 0x00000000d7800000, 0x0000000100000000)
  eden space 25088K, 51% used [0x00000000d5580000,0x00000000d61ffb50,0x00000000d6e00000)
  from space 5120K, 0% used [0x00000000d7300000,0x00000000d7300000,0x00000000d7800000)
  to   space 5120K, 0% used [0x00000000d6e00000,0x00000000d6e00000,0x00000000d7300000)
 ParOldGen       total 68608K, used 9042K [0x0000000080000000, 0x0000000084300000, 0x00000000d5580000)
  object space 68608K, 13% used [0x0000000080000000,0x00000000808d4bc0,0x0000000084300000)
 Metaspace       used 21866K, committed 22528K, reserved 1114112K
  class space    used 2137K, committed 2432K, reserved 1048576K

Card table byte_map: [0x0000020158c10000,0x0000020159020000] _byte_map_base: 0x0000020158810000

Marking Bits: (ParMarkBitMap*) 0x00007ffe99e14460
 Begin Bits: [0x000002016b720000, 0x000002016d720000)
 End Bits:   [0x000002016d720000, 0x000002016f720000)

Polling page: 0x00000201574b0000

Metaspace:

Usage:
  Non-class:     19.27 MB used.
      Class:      2.09 MB used.
       Both:     21.35 MB used.

Virtual space:
  Non-class space:       64.00 MB reserved,      19.62 MB ( 31%) committed,  1 nodes.
      Class space:        1.00 GB reserved,       2.38 MB ( <1%) committed,  1 nodes.
             Both:        1.06 GB reserved,      22.00 MB (  2%) committed. 

Chunk freelists:
   Non-Class:  12.00 MB
       Class:  13.59 MB
        Both:  25.59 MB

MaxMetaspaceSize: unlimited
CompressedClassSpaceSize: 1.00 GB
Initial GC threshold: 21.00 MB
Current GC threshold: 35.00 MB
CDS: on
 - commit_granule_bytes: 65536.
 - commit_granule_words: 8192.
 - virtual_space_node_default_size: 8388608.
 - enlarge_chunks_in_place: 1.
 - use_allocation_guard: 0.


Internal statistics:

num_allocs_failed_limit: 3.
num_arena_births: 512.
num_arena_deaths: 14.
num_vsnodes_births: 2.
num_vsnodes_deaths: 0.
num_space_committed: 352.
num_space_uncommitted: 0.
num_chunks_returned_to_freelist: 17.
num_chunks_taken_from_freelist: 1337.
num_chunk_merges: 9.
num_chunk_splits: 878.
num_chunks_enlarged: 569.
num_inconsistent_stats: 0.

CodeHeap 'non-profiled nmethods': size=120000Kb used=1240Kb max_used=1240Kb free=118759Kb
 bounds [0x0000020163f40000, 0x00000201641b0000, 0x000002016b470000]
CodeHeap 'profiled nmethods': size=120000Kb used=5344Kb max_used=5344Kb free=114655Kb
 bounds [0x000002015c470000, 0x000002015c9b0000, 0x00000201639a0000]
CodeHeap 'non-nmethods': size=5760Kb used=1312Kb max_used=1331Kb free=4447Kb
 bounds [0x00000201639a0000, 0x0000020163c10000, 0x0000020163f40000]
CodeCache: size=245760Kb, used=7896Kb, max_used=7915Kb, free=237861Kb
 total_blobs=3333, nmethods=2733, adapters=506, full_count=0
Compilation: enabled, stopped_count=0, restarted_count=0

Compilation events (20 events):
Event: 3.379 Thread 0x00000201710653b0 2724       3       org.eclipse.core.internal.registry.Handle::<init> (15 bytes)
Event: 3.380 Thread 0x00000201710653b0 nmethod 2724 0x000002015c99f090 code [0x000002015c99f240, 0x000002015c99f3c8]
Event: 3.394 Thread 0x00000201710653b0 2725       3       java.lang.invoke.DirectMethodHandle$Holder::invokeStatic (14 bytes)
Event: 3.394 Thread 0x00000201710653b0 nmethod 2725 0x000002015c99f490 code [0x000002015c99f660, 0x000002015c99fb68]
Event: 3.394 Thread 0x00000201710653b0 2727       3       org.eclipse.core.internal.preferences.ImmutableMap$ArrayMap::internalPut (85 bytes)
Event: 3.395 Thread 0x00000201710653b0 nmethod 2727 0x000002015c99fc90 code [0x000002015c99fea0, 0x000002015c9a05d0]
Event: 3.395 Thread 0x00000201710653b0 2729       3       org.eclipse.core.internal.preferences.ImmutableMap$ArrayMap::put (138 bytes)
Event: 3.395 Thread 0x00000201710653b0 nmethod 2729 0x000002015c9a0890 code [0x000002015c9a0ac0, 0x000002015c9a10f0]
Event: 3.395 Thread 0x00000201710653b0 2730       3       org.eclipse.core.internal.preferences.ImmutableMap$ArrayMap::get (54 bytes)
Event: 3.395 Thread 0x00000201710653b0 nmethod 2730 0x000002015c9a1410 code [0x000002015c9a1600, 0x000002015c9a1938]
Event: 3.395 Thread 0x00000201710653b0 2726       3       org.eclipse.core.internal.preferences.EclipsePreferences::parent (9 bytes)
Event: 3.395 Thread 0x00000201710653b0 nmethod 2726 0x000002015c9a1b90 code [0x000002015c9a1d60, 0x000002015c9a2140]
Event: 3.395 Thread 0x00000201710653b0 2732       3       org.eclipse.core.internal.preferences.EclipsePreferences::makeDirty (30 bytes)
Event: 3.396 Thread 0x000002015932e2e0 nmethod 2723 0x0000020164074010 code [0x0000020164074260, 0x00000201640756c8]
Event: 3.396 Thread 0x00000201710653b0 nmethod 2732 0x000002015c9a2310 code [0x000002015c9a2500, 0x000002015c9a2ab8]
Event: 3.396 Thread 0x00000201710653b0 2736       3       org.eclipse.core.internal.preferences.ImmutableMap$ArrayMap::<init> (50 bytes)
Event: 3.396 Thread 0x00000201710653b0 nmethod 2736 0x000002015c9a2d10 code [0x000002015c9a2f00, 0x000002015c9a3310]
Event: 3.396 Thread 0x00000201710653b0 2728       3       java.util.EventObject::<init> (24 bytes)
Event: 3.396 Thread 0x00000201710653b0 nmethod 2728 0x000002015c9a3490 code [0x000002015c9a3640, 0x000002015c9a38c0]
Event: 3.396 Thread 0x00000201710653b0 2737   !   3       org.eclipse.core.internal.preferences.EclipsePreferences::internalPut (87 bytes)

GC Heap History (14 events):
Event: 0.714 GC heap before
{Heap before GC invocations=1 (full 0):
 PSYoungGen      total 29696K, used 25600K [0x00000000d5580000, 0x00000000d7680000, 0x0000000100000000)
  eden space 25600K, 100% used [0x00000000d5580000,0x00000000d6e80000,0x00000000d6e80000)
  from space 4096K, 0% used [0x00000000d7280000,0x00000000d7280000,0x00000000d7680000)
  to   space 4096K, 0% used [0x00000000d6e80000,0x00000000d6e80000,0x00000000d7280000)
 ParOldGen       total 68608K, used 0K [0x0000000080000000, 0x0000000084300000, 0x00000000d5580000)
  object space 68608K, 0% used [0x0000000080000000,0x0000000080000000,0x0000000084300000)
 Metaspace       used 4358K, committed 4608K, reserved 1114112K
  class space    used 475K, committed 576K, reserved 1048576K
}
Event: 0.720 GC heap after
{Heap after GC invocations=1 (full 0):
 PSYoungGen      total 29696K, used 3287K [0x00000000d5580000, 0x00000000d7680000, 0x0000000100000000)
  eden space 25600K, 0% used [0x00000000d5580000,0x00000000d5580000,0x00000000d6e80000)
  from space 4096K, 80% used [0x00000000d6e80000,0x00000000d71b5ea8,0x00000000d7280000)
  to   space 4096K, 0% used [0x00000000d7280000,0x00000000d7280000,0x00000000d7680000)
 ParOldGen       total 68608K, used 16K [0x0000000080000000, 0x0000000084300000, 0x00000000d5580000)
  object space 68608K, 0% used [0x0000000080000000,0x0000000080004000,0x0000000084300000)
 Metaspace       used 4358K, committed 4608K, reserved 1114112K
  class space    used 475K, committed 576K, reserved 1048576K
}
Event: 1.286 GC heap before
{Heap before GC invocations=2 (full 0):
 PSYoungGen      total 29696K, used 28887K [0x00000000d5580000, 0x00000000d7680000, 0x0000000100000000)
  eden space 25600K, 100% used [0x00000000d5580000,0x00000000d6e80000,0x00000000d6e80000)
  from space 4096K, 80% used [0x00000000d6e80000,0x00000000d71b5ea8,0x00000000d7280000)
  to   space 4096K, 0% used [0x00000000d7280000,0x00000000d7280000,0x00000000d7680000)
 ParOldGen       total 68608K, used 16K [0x0000000080000000, 0x0000000084300000, 0x00000000d5580000)
  object space 68608K, 0% used [0x0000000080000000,0x0000000080004000,0x0000000084300000)
 Metaspace       used 8173K, committed 8448K, reserved 1114112K
  class space    used 868K, committed 960K, reserved 1048576K
}
Event: 1.290 GC heap after
{Heap after GC invocations=2 (full 0):
 PSYoungGen      total 29696K, used 4070K [0x00000000d5580000, 0x00000000d7680000, 0x0000000100000000)
  eden space 25600K, 0% used [0x00000000d5580000,0x00000000d5580000,0x00000000d6e80000)
  from space 4096K, 99% used [0x00000000d7280000,0x00000000d7679800,0x00000000d7680000)
  to   space 4096K, 0% used [0x00000000d6e80000,0x00000000d6e80000,0x00000000d7280000)
 ParOldGen       total 68608K, used 1062K [0x0000000080000000, 0x0000000084300000, 0x00000000d5580000)
  object space 68608K, 1% used [0x0000000080000000,0x0000000080109b38,0x0000000084300000)
 Metaspace       used 8173K, committed 8448K, reserved 1114112K
  class space    used 868K, committed 960K, reserved 1048576K
}
Event: 1.720 GC heap before
{Heap before GC invocations=3 (full 0):
 PSYoungGen      total 29696K, used 29670K [0x00000000d5580000, 0x00000000d7680000, 0x0000000100000000)
  eden space 25600K, 100% used [0x00000000d5580000,0x00000000d6e80000,0x00000000d6e80000)
  from space 4096K, 99% used [0x00000000d7280000,0x00000000d7679800,0x00000000d7680000)
  to   space 4096K, 0% used [0x00000000d6e80000,0x00000000d6e80000,0x00000000d7280000)
 ParOldGen       total 68608K, used 1062K [0x0000000080000000, 0x0000000084300000, 0x00000000d5580000)
  object space 68608K, 1% used [0x0000000080000000,0x0000000080109b38,0x0000000084300000)
 Metaspace       used 12952K, committed 13504K, reserved 1114112K
  class space    used 1372K, committed 1600K, reserved 1048576K
}
Event: 1.727 GC heap after
{Heap after GC invocations=3 (full 0):
 PSYoungGen      total 29696K, used 4076K [0x00000000d5580000, 0x00000000d7680000, 0x0000000100000000)
  eden space 25600K, 0% used [0x00000000d5580000,0x00000000d5580000,0x00000000d6e80000)
  from space 4096K, 99% used [0x00000000d6e80000,0x00000000d727b3d8,0x00000000d7280000)
  to   space 4096K, 0% used [0x00000000d7280000,0x00000000d7280000,0x00000000d7680000)
 ParOldGen       total 68608K, used 2797K [0x0000000080000000, 0x0000000084300000, 0x00000000d5580000)
  object space 68608K, 4% used [0x0000000080000000,0x00000000802bb618,0x0000000084300000)
 Metaspace       used 12952K, committed 13504K, reserved 1114112K
  class space    used 1372K, committed 1600K, reserved 1048576K
}
Event: 2.125 GC heap before
{Heap before GC invocations=4 (full 0):
 PSYoungGen      total 29696K, used 29590K [0x00000000d5580000, 0x00000000d7680000, 0x0000000100000000)
  eden space 25600K, 99% used [0x00000000d5580000,0x00000000d6e6a678,0x00000000d6e80000)
  from space 4096K, 99% used [0x00000000d6e80000,0x00000000d727b3d8,0x00000000d7280000)
  to   space 4096K, 0% used [0x00000000d7280000,0x00000000d7280000,0x00000000d7680000)
 ParOldGen       total 68608K, used 2797K [0x0000000080000000, 0x0000000084300000, 0x00000000d5580000)
  object space 68608K, 4% used [0x0000000080000000,0x00000000802bb618,0x0000000084300000)
 Metaspace       used 16998K, committed 17664K, reserved 1114112K
  class space    used 1800K, committed 2112K, reserved 1048576K
}
Event: 2.128 GC heap after
{Heap after GC invocations=4 (full 0):
 PSYoungGen      total 29696K, used 4084K [0x00000000d5580000, 0x00000000d7680000, 0x0000000100000000)
  eden space 25600K, 0% used [0x00000000d5580000,0x00000000d5580000,0x00000000d6e80000)
  from space 4096K, 99% used [0x00000000d7280000,0x00000000d767d200,0x00000000d7680000)
  to   space 4096K, 0% used [0x00000000d6e80000,0x00000000d6e80000,0x00000000d7280000)
 ParOldGen       total 68608K, used 4878K [0x0000000080000000, 0x0000000084300000, 0x00000000d5580000)
  object space 68608K, 7% used [0x0000000080000000,0x00000000804c39f0,0x0000000084300000)
 Metaspace       used 16998K, committed 17664K, reserved 1114112K
  class space    used 1800K, committed 2112K, reserved 1048576K
}
Event: 2.283 GC heap before
{Heap before GC invocations=5 (full 0):
 PSYoungGen      total 29696K, used 29684K [0x00000000d5580000, 0x00000000d7680000, 0x0000000100000000)
  eden space 25600K, 100% used [0x00000000d5580000,0x00000000d6e80000,0x00000000d6e80000)
  from space 4096K, 99% used [0x00000000d7280000,0x00000000d767d200,0x00000000d7680000)
  to   space 4096K, 0% used [0x00000000d6e80000,0x00000000d6e80000,0x00000000d7280000)
 ParOldGen       total 68608K, used 4878K [0x0000000080000000, 0x0000000084300000, 0x00000000d5580000)
  object space 68608K, 7% used [0x0000000080000000,0x00000000804c39f0,0x0000000084300000)
 Metaspace       used 20334K, committed 20992K, reserved 1114112K
  class space    used 2032K, committed 2304K, reserved 1048576K
}
Event: 2.284 GC heap after
{Heap after GC invocations=5 (full 0):
 PSYoungGen      total 29184K, used 4084K [0x00000000d5580000, 0x00000000d7800000, 0x0000000100000000)
  eden space 25088K, 0% used [0x00000000d5580000,0x00000000d5580000,0x00000000d6e00000)
  from space 4096K, 99% used [0x00000000d6e80000,0x00000000d727d358,0x00000000d7280000)
  to   space 5120K, 0% used [0x00000000d7300000,0x00000000d7300000,0x00000000d7800000)
 ParOldGen       total 68608K, used 5102K [0x0000000080000000, 0x0000000084300000, 0x00000000d5580000)
  object space 68608K, 7% used [0x0000000080000000,0x00000000804fba00,0x0000000084300000)
 Metaspace       used 20334K, committed 20992K, reserved 1114112K
  class space    used 2032K, committed 2304K, reserved 1048576K
}
Event: 2.311 GC heap before
{Heap before GC invocations=6 (full 0):
 PSYoungGen      total 29184K, used 10301K [0x00000000d5580000, 0x00000000d7800000, 0x0000000100000000)
  eden space 25088K, 24% used [0x00000000d5580000,0x00000000d5b920c8,0x00000000d6e00000)
  from space 4096K, 99% used [0x00000000d6e80000,0x00000000d727d358,0x00000000d7280000)
  to   space 5120K, 0% used [0x00000000d7300000,0x00000000d7300000,0x00000000d7800000)
 ParOldGen       total 68608K, used 5102K [0x0000000080000000, 0x0000000084300000, 0x00000000d5580000)
  object space 68608K, 7% used [0x0000000080000000,0x00000000804fba00,0x0000000084300000)
 Metaspace       used 20869K, committed 21504K, reserved 1114112K
  class space    used 2071K, committed 2368K, reserved 1048576K
}
Event: 2.313 GC heap after
{Heap after GC invocations=6 (full 0):
 PSYoungGen      total 30208K, used 4851K [0x00000000d5580000, 0x00000000d7800000, 0x0000000100000000)
  eden space 25088K, 0% used [0x00000000d5580000,0x00000000d5580000,0x00000000d6e00000)
  from space 5120K, 94% used [0x00000000d7300000,0x00000000d77bcd08,0x00000000d7800000)
  to   space 5120K, 0% used [0x00000000d6e00000,0x00000000d6e00000,0x00000000d7300000)
 ParOldGen       total 68608K, used 5110K [0x0000000080000000, 0x0000000084300000, 0x00000000d5580000)
  object space 68608K, 7% used [0x0000000080000000,0x00000000804fda00,0x0000000084300000)
 Metaspace       used 20869K, committed 21504K, reserved 1114112K
  class space    used 2071K, committed 2368K, reserved 1048576K
}
Event: 2.313 GC heap before
{Heap before GC invocations=7 (full 1):
 PSYoungGen      total 30208K, used 4851K [0x00000000d5580000, 0x00000000d7800000, 0x0000000100000000)
  eden space 25088K, 0% used [0x00000000d5580000,0x00000000d5580000,0x00000000d6e00000)
  from space 5120K, 94% used [0x00000000d7300000,0x00000000d77bcd08,0x00000000d7800000)
  to   space 5120K, 0% used [0x00000000d6e00000,0x00000000d6e00000,0x00000000d7300000)
 ParOldGen       total 68608K, used 5110K [0x0000000080000000, 0x0000000084300000, 0x00000000d5580000)
  object space 68608K, 7% used [0x0000000080000000,0x00000000804fda00,0x0000000084300000)
 Metaspace       used 20869K, committed 21504K, reserved 1114112K
  class space    used 2071K, committed 2368K, reserved 1048576K
}
Event: 2.332 GC heap after
{Heap after GC invocations=7 (full 1):
 PSYoungGen      total 30208K, used 0K [0x00000000d5580000, 0x00000000d7800000, 0x0000000100000000)
  eden space 25088K, 0% used [0x00000000d5580000,0x00000000d5580000,0x00000000d6e00000)
  from space 5120K, 0% used [0x00000000d7300000,0x00000000d7300000,0x00000000d7800000)
  to   space 5120K, 0% used [0x00000000d6e00000,0x00000000d6e00000,0x00000000d7300000)
 ParOldGen       total 68608K, used 9042K [0x0000000080000000, 0x0000000084300000, 0x00000000d5580000)
  object space 68608K, 13% used [0x0000000080000000,0x00000000808d4bc0,0x0000000084300000)
 Metaspace       used 20856K, committed 21504K, reserved 1114112K
  class space    used 2068K, committed 2368K, reserved 1048576K
}

Dll operation events (10 events):
Event: 0.016 Loaded shared library c:\Users\ASUS\.vscode\extensions\redhat.java-1.55.0-win32-x64\jre\21.0.11-win32-x86_64\bin\java.dll
Event: 0.073 Loaded shared library c:\Users\ASUS\.vscode\extensions\redhat.java-1.55.0-win32-x64\jre\21.0.11-win32-x86_64\bin\zip.dll
Event: 0.103 Loaded shared library C:\Users\ASUS\.vscode\extensions\redhat.java-1.55.0-win32-x64\jre\21.0.11-win32-x86_64\bin\instrument.dll
Event: 0.110 Loaded shared library C:\Users\ASUS\.vscode\extensions\redhat.java-1.55.0-win32-x64\jre\21.0.11-win32-x86_64\bin\net.dll
Event: 0.114 Loaded shared library C:\Users\ASUS\.vscode\extensions\redhat.java-1.55.0-win32-x64\jre\21.0.11-win32-x86_64\bin\nio.dll
Event: 0.118 Loaded shared library C:\Users\ASUS\.vscode\extensions\redhat.java-1.55.0-win32-x64\jre\21.0.11-win32-x86_64\bin\zip.dll
Event: 0.139 Loaded shared library C:\Users\ASUS\.vscode\extensions\redhat.java-1.55.0-win32-x64\jre\21.0.11-win32-x86_64\bin\jimage.dll
Event: 0.217 Loaded shared library c:\Users\ASUS\.vscode\extensions\redhat.java-1.55.0-win32-x64\jre\21.0.11-win32-x86_64\bin\verify.dll
Event: 1.269 Loaded shared library C:\Users\ASUS\AppData\Roaming\Code\User\globalStorage\redhat.java\1.55.0\config_ss_win\org.eclipse.equinox.launcher\org.eclipse.equinox.launcher.win32.win32.x86_64_1.3.100.v20260613-0559\eclipse_11924.dll
Event: 1.975 Loaded shared library C:\Users\ASUS\AppData\Local\Temp\jna-2018896\jna14223651121917805141.dll

Deoptimization events (20 events):
Event: 2.099 Thread 0x0000020159319bd0 DEOPT PACKING pc=0x000002016402a794 sp=0x0000006c678f3780
Event: 2.099 Thread 0x0000020159319bd0 DEOPT UNPACKING pc=0x00000201639f3aa2 sp=0x0000006c678f3728 mode 2
Event: 2.099 Thread 0x0000020159319bd0 Uncommon trap: trap_request=0xffffffde fr.pc=0x000002016402a794 relative=0x00000000000003b4
Event: 2.099 Thread 0x0000020159319bd0 Uncommon trap: reason=class_check action=maybe_recompile pc=0x000002016402a794 method=java.util.regex.Pattern$BmpCharPropertyGreedy.match(Ljava/util/regex/Matcher;ILjava/lang/CharSequence;)Z @ 70 c2
Event: 2.099 Thread 0x0000020159319bd0 DEOPT PACKING pc=0x000002016402a794 sp=0x0000006c678f3600
Event: 2.099 Thread 0x0000020159319bd0 DEOPT UNPACKING pc=0x00000201639f3aa2 sp=0x0000006c678f35a8 mode 2
Event: 2.268 Thread 0x0000020159319bd0 Uncommon trap: trap_request=0xffffff6e fr.pc=0x000002016406c17c relative=0x0000000000000afc
Event: 2.268 Thread 0x0000020159319bd0 Uncommon trap: reason=loop_limit_check action=maybe_recompile pc=0x000002016406c17c method=java.util.regex.Pattern$StartS.match(Ljava/util/regex/Matcher;ILjava/lang/CharSequence;)Z @ 34 c2
Event: 2.268 Thread 0x0000020159319bd0 DEOPT PACKING pc=0x000002016406c17c sp=0x0000006c678f2c90
Event: 2.268 Thread 0x0000020159319bd0 DEOPT UNPACKING pc=0x00000201639f3aa2 sp=0x0000006c678f2c00 mode 2
Event: 2.288 Thread 0x0000020159319bd0 Uncommon trap: trap_request=0xffffff45 fr.pc=0x000002016407086c relative=0x000000000000014c
Event: 2.288 Thread 0x0000020159319bd0 Uncommon trap: reason=unstable_if action=reinterpret pc=0x000002016407086c method=org.lombokweb.asm.ByteVector.putByteArray([BII)Lorg/lombokweb/asm/ByteVector; @ 20 c2
Event: 2.288 Thread 0x0000020159319bd0 DEOPT PACKING pc=0x000002016407086c sp=0x0000006c678ef020
Event: 2.288 Thread 0x0000020159319bd0 DEOPT UNPACKING pc=0x00000201639f3aa2 sp=0x0000006c678eeff0 mode 2
Event: 2.288 Thread 0x0000020159319bd0 Uncommon trap: trap_request=0xffffff45 fr.pc=0x000002016406d224 relative=0x0000000000000364
Event: 2.288 Thread 0x0000020159319bd0 Uncommon trap: reason=unstable_if action=reinterpret pc=0x000002016406d224 method=org.lombokweb.asm.Label.resolve([BLorg/lombokweb/asm/ByteVector;I)Z @ 81 c2
Event: 2.288 Thread 0x0000020159319bd0 DEOPT PACKING pc=0x000002016406d224 sp=0x0000006c678ef0b0
Event: 2.288 Thread 0x0000020159319bd0 DEOPT UNPACKING pc=0x00000201639f3aa2 sp=0x0000006c678eefb8 mode 2
Event: 3.379 Thread 0x0000020159319bd0 DEOPT PACKING pc=0x000002015c59b3a6 sp=0x0000006c678f9c50
Event: 3.379 Thread 0x0000020159319bd0 DEOPT UNPACKING pc=0x00000201639f4242 sp=0x0000006c678f9148 mode 0

Classes loaded (20 events):
Event: 2.094 Loading class java/io/StringReader
Event: 2.095 Loading class java/io/StringReader done
Event: 2.114 Loading class java/util/zip/GZIPInputStream
Event: 2.114 Loading class java/util/zip/GZIPInputStream done
Event: 2.117 Loading class java/net/SocketTimeoutException
Event: 2.117 Loading class java/io/InterruptedIOException
Event: 2.118 Loading class java/io/InterruptedIOException done
Event: 2.118 Loading class java/net/SocketTimeoutException done
Event: 2.118 Loading class java/net/SocketException
Event: 2.118 Loading class java/net/SocketException done
Event: 2.118 Loading class java/net/UnknownHostException
Event: 2.118 Loading class java/net/UnknownHostException done
Event: 2.118 Loading class java/net/ProtocolException
Event: 2.118 Loading class java/net/ProtocolException done
Event: 2.135 Loading class java/lang/ThreadLocal$SuppliedThreadLocal
Event: 2.135 Loading class java/lang/ThreadLocal$SuppliedThreadLocal done
Event: 2.142 Loading class java/io/FileWriter
Event: 2.142 Loading class java/io/FileWriter done
Event: 2.142 Loading class java/lang/NegativeArraySizeException
Event: 2.142 Loading class java/lang/NegativeArraySizeException done

Classes unloaded (7 events):
Event: 2.317 Thread 0x0000020159311a80 Unloading class 0x0000020101191400 'java/lang/invoke/LambdaForm$MH+0x0000020101191400'
Event: 2.317 Thread 0x0000020159311a80 Unloading class 0x0000020101191000 'java/lang/invoke/LambdaForm$MH+0x0000020101191000'
Event: 2.317 Thread 0x0000020159311a80 Unloading class 0x0000020101190c00 'java/lang/invoke/LambdaForm$MH+0x0000020101190c00'
Event: 2.317 Thread 0x0000020159311a80 Unloading class 0x0000020101190800 'java/lang/invoke/LambdaForm$MH+0x0000020101190800'
Event: 2.317 Thread 0x0000020159311a80 Unloading class 0x0000020101190400 'java/lang/invoke/LambdaForm$BMH+0x0000020101190400'
Event: 2.317 Thread 0x0000020159311a80 Unloading class 0x0000020101190000 'java/lang/invoke/LambdaForm$DMH+0x0000020101190000'
Event: 2.317 Thread 0x0000020159311a80 Unloading class 0x000002010118ec00 'java/lang/invoke/LambdaForm$DMH+0x000002010118ec00'

Classes redefined (0 events):
No events

Internal exceptions (20 events):
Event: 1.994 Thread 0x0000020159319bd0 Exception <a 'java/lang/NoSuchMethodError'{0x00000000d6472f70}: 'int java.lang.invoke.Invokers$Holder.invokeExact_MT(java.lang.Object, java.lang.Object, java.lang.Object)'> (0x00000000d6472f70) 
thrown [s\src\hotspot\share\interpreter\linkResolver.cpp, line 773]
Event: 2.002 Thread 0x0000020159319bd0 Exception <a 'java/lang/NoSuchMethodError'{0x00000000d653da88}: method resolution failed> (0x00000000d653da88) 
thrown [s\src\hotspot\share\prims\methodHandles.cpp, line 1136]
Event: 2.006 Thread 0x0000020159319bd0 Exception <a 'java/lang/NoSuchMethodError'{0x00000000d65a9df0}: 'void java.lang.invoke.Invokers$Holder.invokeExact_MT(java.lang.Object, java.lang.Object, int, java.lang.Object)'> (0x00000000d65a9df0) 
thrown [s\src\hotspot\share\interpreter\linkResolver.cpp, line 773]
Event: 2.025 Thread 0x0000020159319bd0 Exception <a 'java/lang/NoSuchMethodError'{0x00000000d66a6998}: 'java.lang.Object java.lang.invoke.DirectMethodHandle$Holder.invokeSpecial(java.lang.Object, java.lang.Object, java.lang.Object, long, java.lang.Object)'> (0x00000000d66a6998) 
thrown [s\src\hotspot\share\interpreter\linkResolver.cpp, line 773]
Event: 2.025 Thread 0x0000020159319bd0 Exception <a 'java/lang/NoSuchMethodError'{0x00000000d66ae1e0}: 'java.lang.Object java.lang.invoke.DirectMethodHandle$Holder.newInvokeSpecial(java.lang.Object, java.lang.Object, java.lang.Object, long)'> (0x00000000d66ae1e0) 
thrown [s\src\hotspot\share\interpreter\linkResolver.cpp, line 773]
Event: 2.026 Thread 0x0000020159319bd0 Exception <a 'java/lang/NoSuchMethodError'{0x00000000d66b2590}: 'java.lang.Object java.lang.invoke.DirectMethodHandle$Holder.invokeSpecial(java.lang.Object, java.lang.Object, java.lang.Object, java.lang.Object, long)'> (0x00000000d66b2590) 
thrown [s\src\hotspot\share\interpreter\linkResolver.cpp, line 773]
Event: 2.026 Thread 0x0000020159319bd0 Exception <a 'java/lang/NoSuchMethodError'{0x00000000d66b61b0}: 'java.lang.Object java.lang.invoke.Invokers$Holder.linkToTargetMethod(java.lang.Object, java.lang.Object, long, java.lang.Object)'> (0x00000000d66b61b0) 
thrown [s\src\hotspot\share\interpreter\linkResolver.cpp, line 773]
Event: 2.032 Thread 0x0000020159319bd0 Exception <a 'java/lang/NoSuchMethodError'{0x00000000d6728148}: 'int java.lang.invoke.DirectMethodHandle$Holder.invokeStaticInit(java.lang.Object, java.lang.Object, java.lang.Object)'> (0x00000000d6728148) 
thrown [s\src\hotspot\share\interpreter\linkResolver.cpp, line 773]
Event: 2.038 Thread 0x0000020159319bd0 Exception <a 'java/lang/IncompatibleClassChangeError'{0x00000000d67b5020}: Found class java.lang.Object, but interface was expected> (0x00000000d67b5020) 
thrown [s\src\hotspot\share\interpreter\linkResolver.cpp, line 840]
Event: 2.044 Thread 0x0000020159319bd0 Exception <a 'java/lang/NoSuchMethodError'{0x00000000d67cc4e8}: 'java.lang.Object java.lang.invoke.DirectMethodHandle$Holder.invokeSpecial(java.lang.Object, java.lang.Object, java.lang.Object, int, java.lang.Object, java.lang.Object)'> (0x00000000d67cc4e8) 
thrown [s\src\hotspot\share\interpreter\linkResolver.cpp, line 773]
Event: 2.044 Thread 0x0000020159319bd0 Exception <a 'java/lang/NoSuchMethodError'{0x00000000d67d4210}: 'java.lang.Object java.lang.invoke.DirectMethodHandle$Holder.newInvokeSpecial(java.lang.Object, java.lang.Object, java.lang.Object, int, java.lang.Object)'> (0x00000000d67d4210) 
thrown [s\src\hotspot\share\interpreter\linkResolver.cpp, line 773]
Event: 2.044 Thread 0x0000020159319bd0 Exception <a 'java/lang/NoSuchMethodError'{0x00000000d67d8190}: 'java.lang.Object java.lang.invoke.DirectMethodHandle$Holder.invokeSpecial(java.lang.Object, java.lang.Object, java.lang.Object, java.lang.Object, int, java.lang.Object)'> (0x00000000d67d8190) 
thrown [s\src\hotspot\share\interpreter\linkResolver.cpp, line 773]
Event: 2.044 Thread 0x0000020159319bd0 Exception <a 'java/lang/NoSuchMethodError'{0x00000000d67dbcd0}: 'java.lang.Object java.lang.invoke.Invokers$Holder.linkToTargetMethod(java.lang.Object, java.lang.Object, int, java.lang.Object, java.lang.Object)'> (0x00000000d67dbcd0) 
thrown [s\src\hotspot\share\interpreter\linkResolver.cpp, line 773]
Event: 2.045 Thread 0x000002017696d410 Exception <a 'java/lang/NoSuchMethodError'{0x00000000d6707fb8}: 'java.lang.Object java.lang.invoke.DirectMethodHandle$Holder.invokeSpecial(java.lang.Object, java.lang.Object, int, java.lang.Object, java.lang.Object)'> (0x00000000d6707fb8) 
thrown [s\src\hotspot\share\interpreter\linkResolver.cpp, line 773]
Event: 2.045 Thread 0x000002017696d410 Exception <a 'java/lang/NoSuchMethodError'{0x00000000d670ecf0}: 'java.lang.Object java.lang.invoke.DirectMethodHandle$Holder.newInvokeSpecial(java.lang.Object, java.lang.Object, int, java.lang.Object)'> (0x00000000d670ecf0) 
thrown [s\src\hotspot\share\interpreter\linkResolver.cpp, line 773]
Event: 2.045 Thread 0x000002017696d410 Exception <a 'java/lang/NoSuchMethodError'{0x00000000d67125d0}: 'java.lang.Object java.lang.invoke.DirectMethodHandle$Holder.invokeSpecial(java.lang.Object, java.lang.Object, java.lang.Object, int, java.lang.Object)'> (0x00000000d67125d0) 
thrown [s\src\hotspot\share\interpreter\linkResolver.cpp, line 773]
Event: 2.060 Thread 0x0000020159319bd0 Exception <a 'java/lang/NoSuchMethodError'{0x00000000d68f9fd8}: 'void java.lang.invoke.DirectMethodHandle$Holder.invokeSpecial(java.lang.Object, java.lang.Object, java.lang.Object, java.lang.Object, java.lang.Object)'> (0x00000000d68f9fd8) 
thrown [s\src\hotspot\share\interpreter\linkResolver.cpp, line 773]
Event: 2.085 Thread 0x0000020159319bd0 Exception <a 'java/lang/NoSuchMethodError'{0x00000000d6b11220}: 'double java.lang.invoke.DirectMethodHandle$Holder.invokeStatic(java.lang.Object, java.lang.Object)'> (0x00000000d6b11220) 
thrown [s\src\hotspot\share\interpreter\linkResolver.cpp, line 773]
Event: 2.085 Thread 0x0000020159319bd0 Exception <a 'java/lang/NoSuchMethodError'{0x00000000d6b148e0}: 'double java.lang.invoke.DirectMethodHandle$Holder.invokeStaticInit(java.lang.Object, java.lang.Object)'> (0x00000000d6b148e0) 
thrown [s\src\hotspot\share\interpreter\linkResolver.cpp, line 773]
Event: 2.288 Thread 0x0000020159319bd0 Implicit null exception at 0x0000020164070775 to 0x0000020164070850

ZGC Phase Switch (0 events):
No events

VM Operations (20 events):
Event: 1.614 Executing non-safepoint VM operation: HandshakeAllThreads (Deoptimize) done
Event: 1.720 Executing safepoint VM operation: ParallelGCFailedAllocation (Allocation Failure)
Event: 1.727 Executing safepoint VM operation: ParallelGCFailedAllocation (Allocation Failure) done
Event: 1.790 Executing non-safepoint VM operation: HandshakeAllThreads (Deoptimize)
Event: 1.790 Executing non-safepoint VM operation: HandshakeAllThreads (Deoptimize) done
Event: 1.795 Executing non-safepoint VM operation: HandshakeAllThreads (Deoptimize)
Event: 1.795 Executing non-safepoint VM operation: HandshakeAllThreads (Deoptimize) done
Event: 1.811 Executing non-safepoint VM operation: HandshakeAllThreads (Deoptimize)
Event: 1.811 Executing non-safepoint VM operation: HandshakeAllThreads (Deoptimize) done
Event: 1.984 Executing non-safepoint VM operation: HandshakeAllThreads (Deoptimize)
Event: 1.984 Executing non-safepoint VM operation: HandshakeAllThreads (Deoptimize) done
Event: 2.125 Executing safepoint VM operation: ParallelGCFailedAllocation (Allocation Failure)
Event: 2.128 Executing safepoint VM operation: ParallelGCFailedAllocation (Allocation Failure) done
Event: 2.283 Executing safepoint VM operation: ParallelGCFailedAllocation (Allocation Failure)
Event: 2.284 Executing safepoint VM operation: ParallelGCFailedAllocation (Allocation Failure) done
Event: 2.311 Executing safepoint VM operation: CollectForMetadataAllocation (Metadata GC Threshold)
Event: 2.332 Executing safepoint VM operation: CollectForMetadataAllocation (Metadata GC Threshold) done
Event: 3.332 Executing safepoint VM operation: Cleanup
Event: 3.332 Executing safepoint VM operation: Cleanup done
Event: 4.341 Executing safepoint VM operation: Cleanup

Memory protections (0 events):
No events

Nmethod flushes (0 events):
No events

Events (20 events):
Event: 0.043 Thread 0x00000201592702d0 Thread added: 0x000002016fd1bc90
Event: 0.043 Thread 0x00000201592702d0 Thread added: 0x0000020159318eb0
Event: 0.043 Thread 0x00000201592702d0 Thread added: 0x000002015931a260
Event: 0.043 Thread 0x00000201592702d0 Thread added: 0x000002015931a8f0
Event: 0.043 Thread 0x00000201592702d0 Thread added: 0x000002015931bca0
Event: 0.044 Thread 0x00000201592702d0 Thread added: 0x000002015932e2e0
Event: 0.044 Thread 0x00000201592702d0 Thread added: 0x00000201710653b0
Event: 0.086 Thread 0x00000201710653b0 Thread added: 0x00000201711e6030
Event: 0.106 Thread 0x00000201592702d0 Thread added: 0x000002015931af80
Event: 0.327 Thread 0x00000201592702d0 Thread added: 0x000002015931b610
Event: 0.418 Thread 0x000002015932e2e0 Thread added: 0x00000201713d3550
Event: 1.110 Thread 0x00000201592702d0 Thread added: 0x0000020159318820
Event: 1.255 Thread 0x00000201592702d0 Thread added: 0x0000020159319540
Event: 1.262 Thread 0x00000201592702d0 Thread added: 0x0000020159319bd0
Event: 1.302 Thread 0x0000020159319bd0 Thread added: 0x000002017696e7c0
Event: 1.379 Thread 0x00000201713d3550 Thread exited: 0x00000201713d3550
Event: 1.644 Thread 0x0000020159319bd0 Thread added: 0x000002017696c6f0
Event: 1.998 Thread 0x0000020159319bd0 Thread added: 0x000002017696e130
Event: 2.029 Thread 0x0000020159319bd0 Thread added: 0x000002017696d410
Event: 2.046 Thread 0x0000020159319bd0 Thread added: 0x000002017696ee50


Dynamic libraries:
0x00007ff7b2c70000 - 0x00007ff7b2c7e000 	c:\Users\ASUS\.vscode\extensions\redhat.java-1.55.0-win32-x64\jre\21.0.11-win32-x86_64\bin\java.exe
0x00007fff263a0000 - 0x00007fff26606000 	C:\Windows\SYSTEM32\ntdll.dll
0x00007ffee4480000 - 0x00007ffee44a1000 	C:\Program Files\Norton\Suite\aswhook.dll
0x00007fff25430000 - 0x00007fff254f9000 	C:\Windows\System32\KERNEL32.DLL
0x00007fff23b60000 - 0x00007fff23f5e000 	C:\Windows\System32\KERNELBASE.dll
0x00007fff23f70000 - 0x00007fff240bc000 	C:\Windows\System32\ucrtbase.dll
0x00007fff113c0000 - 0x00007fff113de000 	c:\Users\ASUS\.vscode\extensions\redhat.java-1.55.0-win32-x64\jre\21.0.11-win32-x86_64\bin\VCRUNTIME140.dll
0x00007fff03590000 - 0x00007fff035a8000 	c:\Users\ASUS\.vscode\extensions\redhat.java-1.55.0-win32-x64\jre\21.0.11-win32-x86_64\bin\jli.dll
0x00007fff240d0000 - 0x00007fff24297000 	C:\Windows\System32\USER32.dll
0x00007fff23870000 - 0x00007fff23897000 	C:\Windows\System32\win32u.dll
0x00007fff06680000 - 0x00007fff06912000 	C:\Windows\WinSxS\amd64_microsoft.windows.common-controls_6595b64144ccf1df_6.0.26100.8875_none_3e0d5d42e32fe9dd\COMCTL32.dll
0x00007fff26070000 - 0x00007fff2609b000 	C:\Windows\System32\GDI32.dll
0x00007fff25500000 - 0x00007fff255a9000 	C:\Windows\System32\msvcrt.dll
0x00007fff23740000 - 0x00007fff2386a000 	C:\Windows\System32\gdi32full.dll
0x00007fff23ab0000 - 0x00007fff23b53000 	C:\Windows\System32\msvcp_win.dll
0x00007fff25ae0000 - 0x00007fff25b12000 	C:\Windows\System32\IMM32.DLL
0x00007fff1a620000 - 0x00007fff1a62c000 	c:\Users\ASUS\.vscode\extensions\redhat.java-1.55.0-win32-x64\jre\21.0.11-win32-x86_64\bin\vcruntime140_1.dll
0x00007ffee90f0000 - 0x00007ffee917d000 	c:\Users\ASUS\.vscode\extensions\redhat.java-1.55.0-win32-x64\jre\21.0.11-win32-x86_64\bin\msvcp140.dll
0x00007ffe99150000 - 0x00007ffe99ef2000 	c:\Users\ASUS\.vscode\extensions\redhat.java-1.55.0-win32-x64\jre\21.0.11-win32-x86_64\bin\server\jvm.dll
0x00007fff25fb0000 - 0x00007fff26067000 	C:\Windows\System32\ADVAPI32.dll
0x00007fff24e70000 - 0x00007fff24f1a000 	C:\Windows\System32\sechost.dll
0x00007fff24340000 - 0x00007fff24458000 	C:\Windows\System32\RPCRT4.dll
0x00007fff24f20000 - 0x00007fff24fa0000 	C:\Windows\System32\WS2_32.dll
0x00007fff106f0000 - 0x00007fff106fb000 	C:\Windows\SYSTEM32\VERSION.dll
0x00007fff23420000 - 0x00007fff2347e000 	C:\Windows\SYSTEM32\POWRPROF.dll
0x00007fff15f20000 - 0x00007fff15f56000 	C:\Windows\SYSTEM32\WINMM.dll
0x00007fff23400000 - 0x00007fff23414000 	C:\Windows\SYSTEM32\UMPDC.dll
0x00007fff222a0000 - 0x00007fff222bb000 	C:\Windows\SYSTEM32\kernel.appcore.dll
0x00007fff18aa0000 - 0x00007fff18aaa000 	c:\Users\ASUS\.vscode\extensions\redhat.java-1.55.0-win32-x64\jre\21.0.11-win32-x86_64\bin\jimage.dll
0x00007fff20bb0000 - 0x00007fff20df2000 	C:\Windows\SYSTEM32\DBGHELP.DLL
0x00007fff25640000 - 0x00007fff259c3000 	C:\Windows\System32\combase.dll
0x00007fff259e0000 - 0x00007fff25ab9000 	C:\Windows\System32\OLEAUT32.dll
0x00007fff0f950000 - 0x00007fff0f98b000 	C:\Windows\SYSTEM32\dbgcore.DLL
0x00007fff23930000 - 0x00007fff239dc000 	C:\Windows\System32\bcryptPrimitives.dll
0x00007fff18a30000 - 0x00007fff18a3f000 	c:\Users\ASUS\.vscode\extensions\redhat.java-1.55.0-win32-x64\jre\21.0.11-win32-x86_64\bin\instrument.dll
0x00007fff008a0000 - 0x00007fff008c0000 	c:\Users\ASUS\.vscode\extensions\redhat.java-1.55.0-win32-x64\jre\21.0.11-win32-x86_64\bin\java.dll
0x00007fff24530000 - 0x00007fff24cc2000 	C:\Windows\System32\SHELL32.dll
0x00007fff21080000 - 0x00007fff21912000 	C:\Windows\SYSTEM32\windows.storage.dll
0x00007fff251c0000 - 0x00007fff252b7000 	C:\Windows\System32\SHCORE.dll
0x00007fff255d0000 - 0x00007fff25637000 	C:\Windows\System32\shlwapi.dll
0x00007fff234e0000 - 0x00007fff23509000 	C:\Windows\SYSTEM32\profapi.dll
0x00007ffef5f80000 - 0x00007ffef5f98000 	c:\Users\ASUS\.vscode\extensions\redhat.java-1.55.0-win32-x64\jre\21.0.11-win32-x86_64\bin\zip.dll
0x00007ffefdf40000 - 0x00007ffefdf50000 	C:\Users\ASUS\.vscode\extensions\redhat.java-1.55.0-win32-x64\jre\21.0.11-win32-x86_64\bin\net.dll
0x00007fff19da0000 - 0x00007fff19ec7000 	C:\Windows\SYSTEM32\WINHTTP.dll
0x00007fff22850000 - 0x00007fff228bc000 	C:\Windows\system32\mswsock.dll
0x00007ffef5ef0000 - 0x00007ffef5f06000 	C:\Users\ASUS\.vscode\extensions\redhat.java-1.55.0-win32-x64\jre\21.0.11-win32-x86_64\bin\nio.dll
0x00007ffefa7d0000 - 0x00007ffefa7e0000 	c:\Users\ASUS\.vscode\extensions\redhat.java-1.55.0-win32-x64\jre\21.0.11-win32-x86_64\bin\verify.dll
0x00007ffeeab80000 - 0x00007ffeeabc5000 	C:\Users\ASUS\AppData\Roaming\Code\User\globalStorage\redhat.java\1.55.0\config_ss_win\org.eclipse.equinox.launcher\org.eclipse.equinox.launcher.win32.win32.x86_64_1.3.100.v20260613-0559\eclipse_11924.dll
0x00007fff24cd0000 - 0x00007fff24e69000 	C:\Windows\System32\ole32.dll
0x00007fff22b70000 - 0x00007fff22b8b000 	C:\Windows\SYSTEM32\CRYPTSP.dll
0x00007fff22200000 - 0x00007fff22239000 	C:\Windows\system32\rsaenh.dll
0x00007fff22910000 - 0x00007fff22942000 	C:\Windows\SYSTEM32\USERENV.dll
0x00007fff234b0000 - 0x00007fff234da000 	C:\Windows\SYSTEM32\bcrypt.dll
0x00007fff22b50000 - 0x00007fff22b5c000 	C:\Windows\SYSTEM32\CRYPTBASE.dll
0x00007fff21d20000 - 0x00007fff21d53000 	C:\Windows\SYSTEM32\IPHLPAPI.DLL
0x00007fff24330000 - 0x00007fff2433a000 	C:\Windows\System32\NSI.dll
0x00007ffee9020000 - 0x00007ffee9069000 	C:\Users\ASUS\AppData\Local\Temp\jna-2018896\jna14223651121917805141.dll
0x00007fff259d0000 - 0x00007fff259d8000 	C:\Windows\System32\PSAPI.DLL

JVMTI agents:
c:\Users\ASUS\.vscode\extensions\redhat.java-1.55.0-win32-x64\lombok\lombok-1.18.39-4050.jar path:c:\Users\ASUS\.vscode\extensions\redhat.java-1.55.0-win32-x64\jre\21.0.11-win32-x86_64\bin\instrument.dll, loaded, initialized, instrumentlib options:none

dbghelp: loaded successfully - version: 4.0.5 - missing functions: none
symbol engine: initialized successfully - sym options: 0x614 - pdb path: .;c:\Users\ASUS\.vscode\extensions\redhat.java-1.55.0-win32-x64\jre\21.0.11-win32-x86_64\bin;C:\Windows\SYSTEM32;C:\Program Files\Norton\Suite;C:\Windows\WinSxS\amd64_microsoft.windows.common-controls_6595b64144ccf1df_6.0.26100.8875_none_3e0d5d42e32fe9dd;c:\Users\ASUS\.vscode\extensions\redhat.java-1.55.0-win32-x64\jre\21.0.11-win32-x86_64\bin\server;C:\Users\ASUS\AppData\Roaming\Code\User\globalStorage\redhat.java\1.55.0\config_ss_win\org.eclipse.equinox.launcher\org.eclipse.equinox.launcher.win32.win32.x86_64_1.3.100.v20260613-0559;C:\Users\ASUS\AppData\Local\Temp\jna-2018896

VM Arguments:
jvm_args: --add-modules=ALL-SYSTEM --add-opens=java.base/java.util=ALL-UNNAMED --add-opens=java.base/java.lang=ALL-UNNAMED --add-opens=java.base/sun.nio.fs=ALL-UNNAMED -Declipse.application=org.eclipse.jdt.ls.core.id1 -Dosgi.bundles.defaultStartLevel=4 -Declipse.product=org.eclipse.jdt.ls.core.product -Djava.import.generatesMetadataFilesAtProjectRoot=false -DDetectVMInstallationsJob.disabled=true -Dfile.encoding=utf8 -XX:+UseParallelGC -XX:GCTimeRatio=4 -XX:AdaptiveSizePolicyWeight=90 -Dsun.zip.disableMemoryMapping=true -Xmx2G -Xms100m -Xlog:disable -javaagent:c:\Users\ASUS\.vscode\extensions\redhat.java-1.55.0-win32-x64\lombok\lombok-1.18.39-4050.jar 
java_command: c:\Users\ASUS\.vscode\extensions\redhat.java-1.55.0-win32-x64\server\plugins\org.eclipse.equinox.launcher_1.7.200.v20260619-2039.jar -configuration c:\Users\ASUS\AppData\Roaming\Code\User\globalStorage\redhat.java\1.55.0\config_ss_win -data c:\Users\ASUS\AppData\Roaming\Code\User\workspaceStorage\5aca77328e1a72c7c1f3672988cca621\redhat.java\ss_ws --pipe=\\.\pipe\lsp-fed21048d989c69e3503000a7d54a331-sock
java_class_path (initial): c:\Users\ASUS\.vscode\extensions\redhat.java-1.55.0-win32-x64\server\plugins\org.eclipse.equinox.launcher_1.7.200.v20260619-2039.jar
Launcher Type: SUN_STANDARD

[Global flags]
    uintx AdaptiveSizePolicyWeight                 = 90                                        {product} {command line}
     intx CICompilerCount                          = 4                                         {product} {ergonomic}
    uintx GCTimeRatio                              = 4                                         {product} {command line}
   size_t InitialHeapSize                          = 104857600                                 {product} {command line}
   size_t MaxHeapSize                              = 2147483648                                {product} {command line}
   size_t MaxNewSize                               = 715653120                                 {product} {ergonomic}
   size_t MinHeapDeltaBytes                        = 524288                                    {product} {ergonomic}
   size_t MinHeapSize                              = 104857600                                 {product} {command line}
   size_t NewSize                                  = 34603008                                  {product} {ergonomic}
    uintx NonNMethodCodeHeapSize                   = 5839372                                {pd product} {ergonomic}
    uintx NonProfiledCodeHeapSize                  = 122909434                              {pd product} {ergonomic}
   size_t OldSize                                  = 70254592                                  {product} {ergonomic}
    uintx ProfiledCodeHeapSize                     = 122909434                              {pd product} {ergonomic}
    uintx ReservedCodeCacheSize                    = 251658240                              {pd product} {ergonomic}
     bool SegmentedCodeCache                       = true                                      {product} {ergonomic}
   size_t SoftMaxHeapSize                          = 2147483648                             {manageable} {ergonomic}
     bool UseCompressedOops                        = true                           {product lp64_product} {ergonomic}
     bool UseLargePagesIndividualAllocation        = false                                  {pd product} {ergonomic}
     bool UseParallelGC                            = true                                      {product} {command line}

Logging:
Log output configuration:
 #0: stdout all=off uptime,level,tags foldmultilines=false
 #1: stderr all=off uptime,level,tags foldmultilines=false

Release file:
JAVA_VERSION="21.0.11" 
MODULES="java.base java.compiler java.datatransfer java.xml java.prefs java.desktop java.instrument java.logging java.management java.security.sasl java.naming java.rmi java.management.rmi java.net.http java.scripting java.security.jgss java.transaction.xa java.sql java.sql.rowset java.xml.crypto java.se java.smartcardio jdk.accessibility jdk.internal.jvmstat jdk.attach jdk.charsets jdk.internal.opt jdk.zipfs jdk.compiler jdk.crypto.ec jdk.crypto.cryptoki jdk.crypto.mscapi jdk.dynalink jdk.internal.ed jdk.editpad jdk.hotspot.agent jdk.httpserver jdk.internal.le jdk.internal.vm.ci jdk.internal.vm.compiler jdk.internal.vm.compiler.management jdk.jartool jdk.javadoc jdk.jcmd jdk.management jdk.management.agent jdk.jconsole jdk.jdeps jdk.jdwp.agent jdk.jdi jdk.jfr jdk.jshell jdk.jsobject jdk.jstatd jdk.localedata jdk.management.jfr jdk.naming.dns jdk.naming.rmi jdk.net jdk.nio.mapmode jdk.random jdk.sctp jdk.security.auth jdk.security.jgss jdk.unsupported jdk.unsupported.desktop jdk.xml.dom" 

Environment Variables:
PATH=C:\Program Files\Common Files\Oracle\Java\javapath;C:\Windows\system32;C:\Windows;C:\Windows\System32\Wbem;C:\Windows\System32\WindowsPowerShell\v1.0\;C:\Windows\System32\OpenSSH\;C:\MinGW\bin;C:\Program Files\dotnet\;C:\Program Files\MySQL\MySQL Server 8.0\bin;C:\Program Files\MongoDB\Server\8.2\bin;C:\Program Files\nodejs\;C:\Program Files\Git\cmd;C:\Program Files\Java\jdk-25.0.2\bin;C:\Users\ASUS\AppData\Local\Programs\Python\Python313\;C:\Users\ASUS\AppData\Local\Microsoft\WindowsApps;C:\Program Files\apache-maven-3.9.14\bin;C:\Users\ASUS\AppData\Local\Programs\Python\Python313\;C:\Users\ASUS\AppData\Local\Programs\Python\Python313\Scripts\;C:\msys64\ucrt64\bin;C:\Users\ASUS\AppData\Local\Kingsoft\WPS Office\12.1.0.27458\clitool;C:\Users\ASUS\AppData\Local\Programs\Antigravity IDE\bin
USERNAME=ASUS
OS=Windows_NT
PROCESSOR_IDENTIFIER=Intel64 Family 6 Model 154 Stepping 4, GenuineIntel
TMP=C:\Users\ASUS\AppData\Local\Temp
TEMP=C:\Users\ASUS\AppData\Local\Temp




Periodic native trim disabled

---------------  S Y S T E M  ---------------

OS:
 Windows 11 , 64 bit Build 26100 (10.0.26100.8875)
OS uptime: 0 days 6:54 hours

CPU: total 12 (initial active 12) (6 cores per cpu, 2 threads per core) family 6 model 154 stepping 4 microcode 0x424, cx8, cmov, fxsr, ht, mmx, 3dnowpref, sse, sse2, sse3, ssse3, sse4.1, sse4.2, popcnt, lzcnt, tsc, tscinvbit, avx, avx2, aes, erms, clmul, bmi1, bmi2, adx, sha, fma, vzeroupper, clflush, clflushopt, clwb, serialize, rdtscp, rdpid, fsrm, f16c, pku, cet_ibt, cet_ss
Processor Information for the first 12 processors :
  Max Mhz: 1300, Current Mhz: 1300, Mhz Limit: 1300

Memory: 4k page, system-wide physical 16077M (3611M free)
TotalPageFile size 16077M (AvailPageFile size 2M)
current process WorkingSet (physical memory assigned to process): 145M, peak: 145M
current process commit charge ("private bytes"): 285M, peak: 286M

vm_info: OpenJDK 64-Bit Server VM (21.0.11+10-LTS) for windows-amd64 JRE (21.0.11+10-LTS), built on 2026-04-21T00:00:00Z by "admin" with MS VC++ 17.12 (VS2022)

END.
